PLU060 reproduction start=2013 JAN 01 00:00:00 TDB years=186 max_step=5400.0s
year=01 worst=KERBEROS 0.000004170 km
year=02 worst=NIX 0.000056218 km
year=03 worst=CHARON 0.000036451 km
year=04 worst=NIX 0.000065043 km
year=05 worst=KERBEROS 0.000107261 km
year=06 worst=HYDRA 0.000145008 km
year=07 worst=CHARON 0.000199611 km
year=08 worst=CHARON 0.000258524 km
year=09 worst=STYX 0.000323355 km
year=10 worst=NIX 0.000400956 km
year=11 worst=STYX 0.000507239 km
year=12 worst=CHARON 0.000572726 km
year=13 worst=CHARON 0.000670841 km
year=14 worst=NIX 0.000762198 km
year=15 worst=PLUTO 0.000868071 km
year=16 worst=STYX 0.000981064 km
year=17 worst=CHARON 0.001108296 km
year=18 worst=CHARON 0.001250537 km
year=19 worst=CHARON 0.001363068 km
year=20 worst=HYDRA 0.001491052 km
year=21 worst=PLUTO 0.001629998 km
year=22 worst=HYDRA 0.001778840 km
year=23 worst=CHARON 0.001967213 km
year=24 worst=CHARON 0.002111490 km
year=25 worst=STYX 0.002246456 km
year=26 worst=STYX 0.002568061 km
year=27 worst=STYX 0.002569469 km
year=28 worst=CHARON 0.002782620 km
year=29 worst=CHARON 0.002977145 km
year=30 worst=NIX 0.003076334 km
year=31 worst=PLUTO 0.003255511 km
year=32 worst=PLUTO 0.003433181 km
year=33 worst=CHARON 0.003656187 km
year=34 worst=CHARON 0.003924970 km
year=35 worst=CHARON 0.004035406 km
year=36 worst=PLUTO 0.004180653 km
year=37 worst=NIX 0.004394935 km
year=38 worst=HYDRA 0.004556845 km
year=39 worst=CHARON 0.004915514 km
year=40 worst=CHARON 0.005084781 km
year=41 worst=STYX 0.005189550 km
year=42 worst=PLUTO 0.005369433 km
year=43 worst=NIX 0.005569791 km
year=44 worst=CHARON 0.005912123 km
year=45 worst=CHARON 0.006182849 km
year=46 worst=CHARON 0.006171821 km
year=47 worst=NIX 0.006401686 km
year=48 worst=PLUTO 0.006594649 km
year=49 worst=CHARON 0.006884292 km
year=50 worst=CHARON 0.007293758 km
year=51 worst=CHARON 0.007340163 km
year=52 worst=PLUTO 0.007432237 km
year=53 worst=PLUTO 0.007655730 km
year=54 worst=NIX 0.007848578 km
year=55 worst=CHARON 0.008378599 km
year=56 worst=CHARON 0.008551749 km
year=57 worst=NIX 0.008497901 km
year=58 worst=PLUTO 0.008727513 km
year=59 worst=PLUTO 0.008914278 km
year=60 worst=CHARON 0.009402579 km
year=61 worst=CHARON 0.009768386 km
year=62 worst=CHARON 0.009593957 km
year=63 worst=PLUTO 0.009799628 km
year=64 worst=PLUTO 0.010009591 km
year=65 worst=CHARON 0.010340419 km
year=66 worst=CHARON 0.010942388 km
year=67 worst=CHARON 0.010899716 km
year=68 worst=PLUTO 0.010864230 km
year=69 worst=PLUTO 0.011106665 km
year=70 worst=STYX 0.011415274 km
year=71 worst=CHARON 0.012029004 km
year=72 worst=CHARON 0.012222385 km
year=73 worst=NIX 0.011927571 km
year=74 worst=PLUTO 0.012196850 km
year=75 worst=PLUTO 0.012374256 km
year=76 worst=CHARON 0.012994942 km
year=77 worst=CHARON 0.013507891 km
year=78 worst=CHARON 0.013138679 km
year=79 worst=PLUTO 0.013273345 km
year=80 worst=PLUTO 0.013489656 km
year=81 worst=CHARON 0.013826631 km
year=82 worst=CHARON 0.014699736 km
year=83 worst=CHARON 0.014577914 km
year=84 worst=PLUTO 0.014332215 km
year=85 worst=PLUTO 0.014599301 km
year=86 worst=NIX 0.014787658 km
year=87 worst=CHARON 0.015745809 km
year=88 worst=CHARON 0.016009108 km
year=89 worst=KERBEROS 0.015379609 km
year=90 worst=PLUTO 0.015695013 km
year=91 worst=PLUTO 0.015864786 km
year=92 worst=CHARON 0.016611887 km
year=93 worst=CHARON 0.017356005 km
year=94 worst=CHARON 0.016779940 km
year=95 worst=PLUTO 0.016771834 km
year=96 worst=PLUTO 0.017003556 km
year=97 worst=CHARON 0.017299422 km
year=98 worst=CHARON 0.018550706 km
year=99 worst=CHARON 0.018382653 km
year=100 worst=PLUTO 0.017828748 km
year=101 worst=PLUTO 0.018135525 km
year=102 worst=PLUTO 0.018241372 km
year=103 worst=CHARON 0.019533746 km
year=104 worst=CHARON 0.019942925 km
year=105 worst=HYDRA 0.018881978 km
year=106 worst=PLUTO 0.019252965 km
year=107 worst=PLUTO 0.019425136 km
year=108 worst=CHARON 0.020279807 km
year=109 worst=CHARON 0.021365472 km
year=110 worst=CHARON 0.020592021 km
year=111 worst=PLUTO 0.020351841 km
year=112 worst=PLUTO 0.020616141 km
year=113 worst=CHARON 0.020804661 km
year=114 worst=CHARON 0.022565623 km
year=115 worst=CHARON 0.022411302 km
year=116 worst=PLUTO 0.021434383 km
year=117 worst=PLUTO 0.021803970 km
year=118 worst=PLUTO 0.021895177 km
year=119 worst=CHARON 0.023483651 km
year=120 worst=CHARON 0.024144466 km
year=121 worst=CHARON 0.022628603 km
year=122 worst=PLUTO 0.022980012 km
year=123 worst=PLUTO 0.023171573 km
year=124 worst=CHARON 0.024099729 km
year=125 worst=CHARON 0.025671301 km
year=126 worst=CHARON 0.024728938 km
year=127 worst=PLUTO 0.024141436 km
year=128 worst=PLUTO 0.024463419 km
year=129 worst=NIX 0.024518906 km
year=130 worst=CHARON 0.026892406 km
year=131 worst=CHARON 0.026838263 km
year=132 worst=PLUTO 0.025293690 km
year=133 worst=PLUTO 0.025757207 km
year=134 worst=PLUTO 0.025847931 km
year=135 worst=CHARON 0.027743764 km
year=136 worst=CHARON 0.028796284 km
year=137 worst=CHARON 0.026883573 km
year=138 worst=PLUTO 0.027043246 km
year=139 worst=PLUTO 0.027278256 km
year=140 worst=CHARON 0.028220015 km
year=141 worst=CHARON 0.030456180 km
year=142 worst=CHARON 0.029399746 km
year=143 worst=PLUTO 0.028320158 km
year=144 worst=PLUTO 0.028731671 km
year=145 worst=KERBEROS 0.028719656 km
year=146 worst=CHARON 0.031702819 km
year=147 worst=CHARON 0.031867054 km
year=148 worst=PLUTO 0.029597552 km
year=149 worst=PLUTO 0.030190199 km
year=150 worst=PLUTO 0.030301113 km
year=151 worst=CHARON 0.032479306 km
year=152 worst=CHARON 0.034084428 km
year=153 worst=CHARON 0.031800056 km
year=154 worst=PLUTO 0.031642649 km
year=155 worst=PLUTO 0.031949566 km
year=156 worst=CHARON 0.032812026 km
year=157 worst=CHARON 0.035882245 km
year=158 worst=CHARON 0.034801217 km
year=159 worst=PLUTO 0.033089182 km
year=160 worst=PLUTO 0.033621020 km
year=161 worst=PLUTO 0.033583607 km
year=162 worst=CHARON 0.037144663 km
year=163 worst=CHARON 0.037649549 km
year=164 worst=PLUTO 0.034543509 km
year=165 worst=PLUTO 0.035290915 km
year=166 worst=PLUTO 0.035442969 km
year=167 worst=CHARON 0.037839616 km
year=168 worst=CHARON 0.040108529 km
year=169 worst=CHARON 0.037519484 km
year=170 worst=PLUTO 0.036944520 km
year=171 worst=PLUTO 0.037341027 km
year=172 worst=CHARON 0.038050284 km
year=173 worst=CHARON 0.042000034 km
year=174 worst=CHARON 0.040963731 km
year=175 worst=PLUTO 0.038580119 km
year=176 worst=PLUTO 0.039235529 km
year=177 worst=PLUTO 0.039198697 km
year=178 worst=CHARON 0.043235681 km
year=179 worst=CHARON 0.044082526 km
year=180 worst=PLUTO 0.040208876 km
year=181 worst=PLUTO 0.041089337 km
year=182 worst=PLUTO 0.041275936 km
year=183 worst=CHARON 0.043845740 km
year=184 worst=CHARON 0.046630785 km
year=185 worst=CHARON 0.043779630 km
year=186 worst=PLUTO 0.042875067 km
